tests/inputs/a/
tests/inputs/a/a.txt
tests/inputs/a/b
