tests/inputs
tests/inputs/g.csv
tests/inputs/d
tests/inputs/a
tests/inputs/f
