     1	The bustle in a house
     2	
     3	The morning after death
     4	
     5	Is solemnest of industries
     6	Enacted upon earth,â€”
     7	
     8	The sweeping up the heart,
     9	And putting love away
    10	We shall not want to use again
    11	
    12	Until eternity.
